ets Jul 29 2019 12:21:46

rst:0x1 (POWERON_RESET),boot:0x13 (SPI_FAST_FLASH_BOOT)
configsip: 0, SPIWP:0xee
clk_drv:0x00,q_drv:0x00,d_drv:0x00,cs0_drv:0x00,hd_drv:0x00,wp_drv:0x00
mode:DIO, clock div:2
load:0x3fff0030,len:7080
load:0x40078000,len:15584
load:0x40080400,len:4
ho 8 tail 4 room 4
load:0x40080404,len:3876
entry 0x4008064c
[0;32mI (31) boot: ESP-IDF v5.1.2 2nd stage bootloader[0m
[0;32mI (31) boot: compile time Feb 15 2024 22:04:49[0m
[0;32mI (31) boot: Multicore bootloader[0m
[0;32mI (35) boot: chip revision: v3.0[0m
[0;32mI (39) boot.esp32: SPI Speed      : 40MHz[0m
[0;32mI (44) boot.esp32: SPI Mode       : DIO[0m
[0;32mI (48) boot.esp32: SPI Flash Size : 4MB[0m
[0;32mI (53) boot: Enabling RNG early entropy source...[0m
[0;32mI (58) boot: Partition Table:[0m
[0;32mI (62) boot: ## Label            Usage          Type ST Offset   Length[0m
[0;32mI (69) boot:  0 nvs              WiFi data        01 02 00009000 00006000[0m
[0;32mI (77) boot:  1 phy_init         RF data          01 01 0000f000 00001000[0m
[0;32mI (84) boot:  2 factory          factory app      00 00 00010000 00100000[0m
[0;32mI (92) boot: End of partition table[0m
[0;32mI (96) esp_image: segment 0: paddr=00010020 vaddr=3f400020 size=235b4h (144820) map[0m
[0;32mI (157) esp_image: segment 1: paddr=000335dc vaddr=3ffb0000 size=03c14h ( 15380) load[0m
[0;32mI (163) esp_image: segment 2: paddr=000371f8 vaddr=40080000 size=08e20h ( 36384) load[0m
[0;32mI (178) esp_image: segment 3: paddr=00040020 vaddr=400d0020 size=8ccf8h (576760) map[0m
[0;32mI (387) esp_image: segment 4: paddr=000ccd20 vaddr=40088e20 size=0e94ch ( 59724) load[0m
[0;32mI (423) boot: Loaded app from partition at offset 0x10000[0m
[0;32mI (424) boot: Disabling RNG early entropy source...[0m
[0;32mI (435) cpu_start: Multicore app[0m
[0;32mI (435) cpu_start: Pro cpu up.[0m
[0;32mI (436) cpu_start: Starting app cpu, entry point is 0x4008149c[0m
[0;32mI (0) cpu_start: App cpu up.[0m
[0;32mI (453) cpu_start: Pro cpu start user code[0m
[0;32mI (453) cpu_start: cpu freq: 240000000 Hz[0m
[0;32mI (453) cpu_start: Application information:[0m
[0;32mI (458) cpu_start: Project name:     GPT[0m
[0;32mI (463) cpu_start: App version:      95770a4-dirty[0m
[0;32mI (468) cpu_start: Compile time:     Feb 19 2024 13:31:57[0m
[0;32mI (474) cpu_start: ELF file SHA256:  aced141b146a23a2...[0m
[0;32mI (480) cpu_start: ESP-IDF:          v5.1.2[0m
[0;32mI (485) cpu_start: Min chip rev:     v0.0[0m
[0;32mI (490) cpu_start: Max chip rev:     v3.99 [0m
[0;32mI (495) cpu_start: Chip rev:         v3.0[0m
[0;32mI (500) heap_init: Initializing. RAM available for dynamic allocation:[0m
[0;32mI (507) heap_init: At 3FFAE6E0 len 00001920 (6 KiB): DRAM[0m
[0;32mI (513) heap_init: At 3FFBA710 len 000258F0 (150 KiB): DRAM[0m
[0;32mI (519) heap_init: At 3FFE0440 len 00003AE0 (14 KiB): D/IRAM[0m
[0;32mI (525) heap_init: At 3FFE4350 len 0001BCB0 (111 KiB): D/IRAM[0m
[0;32mI (532) heap_init: At 4009776C len 00008894 (34 KiB): IRAM[0m
[0;32mI (539) spi_flash: detected chip: generic[0m
[0;32mI (543) spi_flash: flash io: dio[0m
[0;32mI (547) app_start: Starting scheduler on CPU0[0m
[0;32mI (552) app_start: Starting scheduler on CPU1[0m
[0;32mI (552) main_task: Started on CPU0[0m
[0;32mI (562) main_task: Calling app_main()[0m
I (602) wifi:wifi driver task: 3ffc26e0, prio:23, stack:6656, core=0
I (612) wifi:wifi firmware version: 91b9630
I (612) wifi:wifi certification version: v7.0
I (612) wifi:config NVS flash: enabled
I (612) wifi:config nano formating: disabled
I (612) wifi:Init data frame dynamic rx buffer num: 32
I (622) wifi:Init static rx mgmt buffer num: 5
I (622) wifi:Init management short buffer num: 32
I (632) wifi:Init dynamic tx buffer num: 32
I (632) wifi:Init static rx buffer size: 1600
I (642) wifi:Init static rx buffer num: 10
I (642) wifi:Init dynamic rx buffer num: 32
[0;32mI (642) wifi_init: rx ba win: 6[0m
[0;32mI (652) wifi_init: tcpip mbox: 32[0m
[0;32mI (652) wifi_init: udp mbox: 6[0m
[0;32mI (652) wifi_init: tcp mbox: 6[0m
[0;32mI (662) wifi_init: tcp tx win: 5744[0m
[0;32mI (662) wifi_init: tcp rx win: 5744[0m
[0;32mI (672) wifi_init: tcp mss: 1440[0m
[0;32mI (672) wifi_init: WiFi IRAM OP enabled[0m
[0;32mI (682) wifi_init: WiFi RX IRAM OP enabled[0m
[0;32mI (682) phy_init: phy_version 4780,16b31a7,Sep 22 2023,20:42:16[0m
I (762) wifi:mode : sta (40:22:d8:ea:1f:20)
I (762) wifi:enable tsf
WiFi connecting WIFI_EVENT_STA_START ... 
[0;32mI (772) gpio: GPIO[16]| InputEn: 0| OutputEn: 1| OpenDrain: 0| Pullup: 0| Pulldown: 0| Intr:0 [0m
Master input:
I (822) wifi:new:<6,0>, old:<1,0>, ap:<255,255>, sta:<6,0>, prof:1
I (822) wifi:state: init -> auth (b0)
I (832) wifi:state: auth -> assoc (0)
I (842) wifi:state: assoc -> run (10)
I (892) wifi:connected with XavierV (2), aid = 2, channel 6, BW20, bssid = 3a:34:05:9b:a2:e0
I (892) wifi:security: WPA2-PSK, phy: bgn, rssi: -58
I (902) wifi:pm start, type: 1

WiFi connected WIFI_EVENT_STA_CONNECTED ... 
I (912) wifi:<ba-add>idx:0 (ifx:0, 3a:34:05:9b:a2:e0), tid:0, ssn:2, winSize:64
I (912) wifi:AP's beacon interval = 102400 us, DTIM period = 3
[0;32mI (1902) esp_netif_handlers: sta ip: 172.20.10.4, mask: 255.255.255.240, gw: 172.20.10.1[0m
WiFi got IP ... 

