ets Jul 29 2019 12:21:46

rst:0x1 (POWERON_RESET),boot:0x13 (SPI_FAST_FLASH_BOOT)
configsip: 0, SPIWP:0xee
clk_drv:0x00,q_drv:0x00,d_drv:0x00,cs0_drv:0x00,hd_drv:0x00,wp_drv:0x00
mode:DIO, clock div:2
load:0x3fff0030,len:7080
load:0x40078000,len:15584
load:0x40080400,len:4
ho 8 tail 4 room 4
load:0x40080404,len:3876
entry 0x4008064c
[0;32mI (31) boot: ESP-IDF v5.1.2 2nd stage bootloader[0m
[0;32mI (31) boot: compile time Feb 15 2024 22:04:49[0m
[0;32mI (31) boot: Multicore bootloader[0m
[0;32mI (35) boot: chip revision: v3.0[0m
[0;32mI (39) boot.esp32: SPI Speed      : 40MHz[0m
[0;32mI (44) boot.esp32: SPI Mode       : DIO[0m
[0;32mI (48) boot.esp32: SPI Flash Size : 4MB[0m
[0;32mI (53) boot: Enabling RNG early entropy source...[0m
[0;32mI (58) boot: Partition Table:[0m
[0;32mI (62) boot: ## Label            Usage          Type ST Offset   Length[0m
[0;32mI (69) boot:  0 nvs              WiFi data        01 02 00009000 00006000[0m
[0;32mI (77) boot:  1 phy_init         RF data          01 01 0000f000 00001000[0m
[0;32mI (84) boot:  2 factory          factory app      00 00 00010000 00100000[0m
[0;32mI (92) boot: End of partition table[0m
[0;32mI (96) esp_image: segment 0: paddr=00010020 vaddr=3f400020 size=266c0h (157376) map[0m
[0;32mI (161) esp_image: segment 1: paddr=000366e8 vaddr=3ffb0000 size=03c84h ( 15492) load[0m
[0;32mI (167) esp_image: segment 2: paddr=0003a374 vaddr=40080000 size=05ca4h ( 23716) load[0m
[0;32mI (178) esp_image: segment 3: paddr=00040020 vaddr=400d0020 size=a0138h (655672) map[0m
[0;32mI (414) esp_image: segment 4: paddr=000e0160 vaddr=40085ca4 size=11c80h ( 72832) load[0m
[0;32mI (457) boot: Loaded app from partition at offset 0x10000[0m
[0;32mI (457) boot: Disabling RNG early entropy source...[0m
[0;32mI (468) cpu_start: Multicore app[0m
[0;32mI (469) cpu_start: Pro cpu up.[0m
[0;32mI (469) cpu_start: Starting app cpu, entry point is 0x400814a4[0m
[0;32mI (0) cpu_start: App cpu up.[0m
[0;32mI (487) cpu_start: Pro cpu start user code[0m
[0;32mI (487) cpu_start: cpu freq: 240000000 Hz[0m
[0;32mI (487) cpu_start: Application information:[0m
[0;32mI (491) cpu_start: Project name:     GPT[0m
[0;32mI (496) cpu_start: App version:      95770a4-dirty[0m
[0;32mI (501) cpu_start: Compile time:     Feb 19 2024 13:31:57[0m
[0;32mI (508) cpu_start: ELF file SHA256:  089395e814e095c9...[0m
[0;32mI (514) cpu_start: ESP-IDF:          v5.1.2[0m
[0;32mI (518) cpu_start: Min chip rev:     v0.0[0m
[0;32mI (523) cpu_start: Max chip rev:     v3.99 [0m
[0;32mI (528) cpu_start: Chip rev:         v3.0[0m
[0;32mI (533) heap_init: Initializing. RAM available for dynamic allocation:[0m
[0;32mI (540) heap_init: At 3FFAE6E0 len 00001920 (6 KiB): DRAM[0m
[0;32mI (546) heap_init: At 3FFB7EC8 len 00028138 (160 KiB): DRAM[0m
[0;32mI (552) heap_init: At 3FFE0440 len 00003AE0 (14 KiB): D/IRAM[0m
[0;32mI (559) heap_init: At 3FFE4350 len 0001BCB0 (111 KiB): D/IRAM[0m
[0;32mI (565) heap_init: At 40097924 len 000086DC (33 KiB): IRAM[0m
[0;32mI (573) spi_flash: detected chip: generic[0m
[0;32mI (576) spi_flash: flash io: dio[0m
[0;32mI (581) app_start: Starting scheduler on CPU0[0m
[0;32mI (585) app_start: Starting scheduler on CPU1[0m
[0;32mI (585) main_task: Started on CPU0[0m
[0;32mI (595) main_task: Calling app_main()[0m
I (635) wifi:wifi driver task: 3ffbfe14, prio:23, stack:6656, core=0
I (645) wifi:wifi firmware version: 91b9630
I (645) wifi:wifi certification version: v7.0
I (645) wifi:config NVS flash: enabled
I (645) wifi:config nano formating: disabled
I (645) wifi:Init data frame dynamic rx buffer num: 32
I (655) wifi:Init static rx mgmt buffer num: 5
I (655) wifi:Init management short buffer num: 32
I (665) wifi:Init dynamic tx buffer num: 32
I (665) wifi:Init static rx buffer size: 1600
I (675) wifi:Init static rx buffer num: 10
I (675) wifi:Init dynamic rx buffer num: 32
[0;32mI (675) wifi_init: rx ba win: 6[0m
[0;32mI (685) wifi_init: tcpip mbox: 32[0m
[0;32mI (685) wifi_init: udp mbox: 6[0m
[0;32mI (685) wifi_init: tcp mbox: 6[0m
[0;32mI (695) wifi_init: tcp tx win: 5744[0m
[0;32mI (695) wifi_init: tcp rx win: 5744[0m
[0;32mI (705) wifi_init: tcp mss: 1440[0m
[0;32mI (705) wifi_init: WiFi IRAM OP enabled[0m
[0;32mI (715) wifi_init: WiFi RX IRAM OP enabled[0m
[0;32mI (715) phy_init: phy_version 4780,16b31a7,Sep 22 2023,20:42:16[0m
I (795) wifi:mode : sta (40:22:d8:ea:1f:20)
I (805) wifi:enable tsf
WiFi connecting WIFI_EVENT_STA_START ... 
[0;32mI (805) gpio: GPIO[16]| InputEn: 0| OutputEn: 1| OpenDrain: 0| Pullup: 0| Pulldown: 0| Intr:0 [0m
[0;32mI (815) gpio: GPIO[17]| InputEn: 1| OutputEn: 0| OpenDrain: 0| Pullup: 1| Pulldown: 0| Intr:1 [0m
Master input:
WiFi lost connection WIFI_EVENT_STA_DISCONNECTED ... 
