ets Jul 29 2019 12:21:46

rst:0x1 (POWERON_RESET),boot:0x13 (SPI_FAST_FLASH_BOOT)
configsip: 0, SPIWP:0xee
clk_drv:0x00,q_drv:0x00,d_drv:0x00,cs0_drv:0x00,hd_drv:0x00,wp_drv:0x00
mode:DIO, clock div:2
load:0x3fff0030,len:7080
load:0x40078000,len:15584
load:0x40080400,len:4
ho 8 tail 4 room 4
load:0x40080404,len:3876
entry 0x4008064c
[0;32mI (31) boot: ESP-IDF v5.1.2 2nd stage bootloader[0m
[0;32mI (31) boot: compile time Feb 15 2024 22:04:49[0m
[0;32mI (31) boot: Multicore bootloader[0m
[0;32mI (35) boot: chip revision: v3.0[0m
[0;32mI (39) boot.esp32: SPI Speed      : 40MHz[0m
[0;32mI (44) boot.esp32: SPI Mode       : DIO[0m
[0;32mI (48) boot.esp32: SPI Flash Size : 4MB[0m
[0;32mI (53) boot: Enabling RNG early entropy source...[0m
[0;32mI (58) boot: Partition Table:[0m
[0;32mI (62) boot: ## Label            Usage          Type ST Offset   Length[0m
[0;32mI (69) boot:  0 nvs              WiFi data        01 02 00009000 00006000[0m
[0;32mI (77) boot:  1 phy_init         RF data          01 01 0000f000 00001000[0m
[0;32mI (84) boot:  2 factory          factory app      00 00 00010000 00100000[0m
[0;32mI (92) boot: End of partition table[0m
[0;32mI (96) esp_image: segment 0: paddr=00010020 vaddr=3f400020 size=27b78h (162680) map[0m
[0;32mI (163) esp_image: segment 1: paddr=00037ba0 vaddr=3ffb0000 size=03c64h ( 15460) load[0m
[0;32mI (169) esp_image: segment 2: paddr=0003b80c vaddr=40080000 size=0480ch ( 18444) load[0m
[0;32mI (177) esp_image: segment 3: paddr=00040020 vaddr=400d0020 size=a1484h (660612) map[0m
[0;32mI (416) esp_image: segment 4: paddr=000e14ac vaddr=4008480c size=12f60h ( 77664) load[0m
[0;32mI (460) boot: Loaded app from partition at offset 0x10000[0m
[0;32mI (460) boot: Disabling RNG early entropy source...[0m
[0;32mI (472) cpu_start: Multicore app[0m
[0;32mI (472) cpu_start: Pro cpu up.[0m
[0;32mI (472) cpu_start: Starting app cpu, entry point is 0x4008149c[0m
[0;32mI (0) cpu_start: App cpu up.[0m
[0;32mI (490) cpu_start: Pro cpu start user code[0m
[0;32mI (490) cpu_start: cpu freq: 240000000 Hz[0m
[0;32mI (490) cpu_start: Application information:[0m
[0;32mI (495) cpu_start: Project name:     GPT[0m
[0;32mI (499) cpu_start: App version:      56f05dc-dirty[0m
[0;32mI (505) cpu_start: Compile time:     Mar  4 2024 11:01:49[0m
[0;32mI (511) cpu_start: ELF file SHA256:  2487aa0982dc8dca...[0m
[0;32mI (517) cpu_start: ESP-IDF:          v5.1.2[0m
[0;32mI (522) cpu_start: Min chip rev:     v0.0[0m
[0;32mI (527) cpu_start: Max chip rev:     v3.99 [0m
[0;32mI (531) cpu_start: Chip rev:         v3.0[0m
[0;32mI (536) heap_init: Initializing. RAM available for dynamic allocation:[0m
[0;32mI (544) heap_init: At 3FFAE6E0 len 00001920 (6 KiB): DRAM[0m
[0;32mI (549) heap_init: At 3FFB9600 len 00026A00 (154 KiB): DRAM[0m
[0;32mI (556) heap_init: At 3FFE0440 len 00003AE0 (14 KiB): D/IRAM[0m
[0;32mI (562) heap_init: At 3FFE4350 len 0001BCB0 (111 KiB): D/IRAM[0m
[0;32mI (568) heap_init: At 4009776C len 00008894 (34 KiB): IRAM[0m
[0;32mI (576) spi_flash: detected chip: generic[0m
[0;32mI (579) spi_flash: flash io: dio[0m
[0;33mW (583) ADC: legacy driver is deprecated, please migrate to `esp_adc/adc_oneshot.h`[0m
[0;32mI (592) app_start: Starting scheduler on CPU0[0m
[0;32mI (597) app_start: Starting scheduler on CPU1[0m
[0;32mI (597) main_task: Started on CPU0[0m
[0;32mI (607) main_task: Calling app_main()[0m
I (647) wifi:wifi driver task: 3ffc15d0, prio:23, stack:6656, core=0
I (657) wifi:wifi firmware version: 91b9630
I (657) wifi:wifi certification version: v7.0
I (657) wifi:config NVS flash: enabled
I (657) wifi:config nano formating: disabled
I (657) wifi:Init data frame dynamic rx buffer num: 32
I (667) wifi:Init static rx mgmt buffer num: 5
I (667) wifi:Init management short buffer num: 32
I (677) wifi:Init dynamic tx buffer num: 32
I (677) wifi:Init static rx buffer size: 1600
I (687) wifi:Init static rx buffer num: 10
I (687) wifi:Init dynamic rx buffer num: 32
[0;32mI (687) wifi_init: rx ba win: 6[0m
[0;32mI (697) wifi_init: tcpip mbox: 32[0m
[0;32mI (697) wifi_init: udp mbox: 6[0m
[0;32mI (697) wifi_init: tcp mbox: 6[0m
[0;32mI (707) wifi_init: tcp tx win: 5744[0m
[0;32mI (707) wifi_init: tcp rx win: 5744[0m
[0;32mI (717) wifi_init: tcp mss: 1440[0m
[0;32mI (717) wifi_init: WiFi IRAM OP enabled[0m
[0;32mI (727) wifi_init: WiFi RX IRAM OP enabled[0m
[0;32mI (727) phy_init: phy_version 4780,16b31a7,Sep 22 2023,20:42:16[0m
I (807) wifi:mode : sta (40:22:d8:ea:1f:20)
I (807) wifi:enable tsf
WiFi connecting WIFI_EVENT_STA_START ... 
I (827) wifi:new:<6,0>, old:<1,0>, ap:<255,255>, sta:<6,0>, prof:1
I (827) wifi:state: init -> auth (b0)
[0;32mI (827) gpio: GPIO[16]| InputEn: 0| OutputEn: 1| OpenDrain: 0| Pullup: 0| Pulldown: 0| Intr:0 [0m
I (837) wifi:state: auth -> assoc (0)
Master input:
I (847) wifi:state: assoc -> run (10)
I (947) wifi:connected with XavierV (2), aid = 2, channel 6, BW20, bssid = a2:d9:54:75:7e:e2
I (947) wifi:security: WPA2-PSK, phy: bgn, rssi: -30
I (947) wifi:pm start, type: 1

WiFi connected WIFI_EVENT_STA_CONNECTED ... 
I (987) wifi:AP's beacon interval = 102400 us, DTIM period = 1
I (1007) wifi:<ba-add>idx:0 (ifx:0, a2:d9:54:75:7e:e2), tid:0, ssn:2, winSize:64
[0;32mI (1957) esp_netif_handlers: sta ip: 172.20.10.4, mask: 255.255.255.240, gw: 172.20.10.1[0m
WiFi got IP ... 


Brownout detector was triggered

ets Jul 29 2019 12:21:46

rst:0xc (SW_CPU_RESET),boot:0x13 (SPI_FAST_FLASH_BOOT)
configsip: 0, SPIWP:0xee
clk_drv:0x00,q_drv:0x00,d_drv:0x00,cs0_drv:0x00,hd_drv:0x00,wp_drv:0x00
mode:DIO, clock div:2
load:0x3fff0030,len:7080
load:0x40078000,len:15584
load:0x40080400,len:4
ho 8 tail 4 room 4
load:0x40080404,len:3876
entry 0x4008064c
[0;32mI (31) boot: ESP-IDF v5.1.2 2nd stage bootloader[0m
[0;32mI (31) boot: compile time Feb 15 2024 22:04:49[0m
[0;32mI (31) boot: Multicore bootloader[0m
[0;32mI (35) boot: chip revision: v3.0[0m
[0;32mI (39) boot.esp32: SPI Speed      : 40MHz[0m
[0;32mI (44) boot.esp32: SPI Mode       : DIO[0m
[0;32mI (48) boot.esp32: SPI Flash Size : 4MB[0m
[0;32mI (53) boot: Enabling RNG early entropy source...[0m
[0;32mI (58) boot: Partition Table:[0m
[0;32mI (62) boot: ## Label            Usage          Type ST Offset   Length[0m
[0;32mI (69) boot:  0 nvs              WiFi data        01 02 00009000 00006000[0m
[0;32mI (76) boot:  1 phy_init         RF data          01 01 0000f000 00001000[0m
[0;32mI (84) boot:  2 factory          factory app      00 00 00010000 00100000[0m
[0;32mI (91) boot: End of partition table[0m
[0;32mI (96) esp_image: segment 0: paddr=00010020 vaddr=3f400020 size=27b78h (162680) map[0m
[0;32mI (163) esp_image: segment 1: paddr=00037ba0 vaddr=3ffb0000 size=03c64h ( 15460) load[0m
[0;32mI (169) esp_image: segment 2: paddr=0003b80c vaddr=40080000 size=0480ch ( 18444) load[0m
[0;32mI (177) esp_image: segment 3: paddr=00040020 vaddr=400d0020 size=a1484h (660612) map[0m
[0;32mI (416) esp_image: segment 4: paddr=000e14ac vaddr=4008480c size=12f60h ( 77664) load[0m
[0;32mI (460) boot: Loaded app from partition at offset 0x10000[0m
[0;32mI (460) boot: Disabling RNG early entropy source...[0m
[0;32mI (472) cpu_start: Multicore app[0m
[0;32mI (472) cpu_start: Pro cpu up.[0m
[0;32mI (472) cpu_start: Starting app cpu, entry point is 0x4008149c[0m
[0;32mI (460) cpu_start: App cpu up.[0m
[0;32mI (490) cpu_start: Pro cpu start user code[0m
[0;32mI (490) cpu_start: cpu freq: 240000000 Hz[0m
[0;32mI (490) cpu_start: Application information:[0m
[0;32mI (495) cpu_start: Project name:     GPT[0m
[0;32mI (500) cpu_start: App version:      56f05dc-dirty[0m
[0;32mI (505) cpu_start: Compile time:     Mar  4 2024 11:01:49[0m
[0;32mI (511) cpu_start: ELF file SHA256:  2487aa0982dc8dca...[0m
[0;32mI (517) cpu_start: ESP-IDF:          v5.1.2[0m
[0;32mI (522) cpu_start: Min chip rev:     v0.0[0m
[0;32mI (527) cpu_start: Max chip rev:     v3.99 [0m
[0;32mI (531) cpu_start: Chip rev:         v3.0[0m
[0;32mI (536) heap_init: Initializing. RAM available for dynamic allocation:[0m
[0;32mI (544) heap_init: At 3FFAE6E0 len 00001920 (6 KiB): DRAM[0m
[0;32mI (549) heap_init: At 3FFB9600 len 00026A00 (154 KiB): DRAM[0m
[0;32mI (556) heap_init: At 3FFE0440 len 00003AE0 (14 KiB): D/IRAM[0m
[0;32mI (562) heap_init: At 3FFE4350 len 0001BCB0 (111 KiB): D/IRAM[0m
[0;32mI (569) heap_init: At 4009776C len 00008894 (34 KiB): IRAM[0m
[0;32mI (576) spi_flash: detected chip: generic[0m
[0;32mI (579) spi_flash: flash io: dio[0m
[0;33mW (584) ADC: legacy driver is deprecated, please migrate to `esp_adc/adc_oneshot.h`[0m
[0;32mI (592) app_start: Starting scheduler on CPU0[0m
[0;32mI (597) app_start: Starting scheduler on CPU1[0m
[0;32mI (597) main_task: Started on CPU0[0m
[0;32mI (607) main_task: Calling app_main()[0m
I (647) wifi:wifi driver task: 3ffc15d0, prio:23, stack:6656, core=0
I (657) wifi:wifi firmware version: 91b9630
I (657) wifi:wifi certification version: v7.0
I (657) wifi:config NVS flash: enabled
I (657) wifi:config nano formating: disabled
I (657) wifi:Init data frame dynamic rx buffer num: 32
I (667) wifi:Init static rx mgmt buffer num: 5
I (667) wifi:Init management short buffer num: 32
I (677) wifi:Init dynamic tx buffer num: 32
I (677) wifi:Init static rx buffer size: 1600
I (687) wifi:Init static rx buffer num: 10
I (687) wifi:Init dynamic rx buffer num: 32
[0;32mI (687) wifi_init: rx ba win: 6[0m
[0;32mI (697) wifi_init: tcpip mbox: 32[0m
[0;32mI (697) wifi_init: udp mbox: 6[0m
[0;32mI (697) wifi_init: tcp mbox: 6[0m
[0;32mI (707) wifi_init: tcp tx win: 5744[0m
[0;32mI (707) wifi_init: tcp rx win: 5744[0m
[0;32mI (717) wifi_init: tcp mss: 1440[0m
[0;32mI (717) wifi_init: WiFi IRAM OP enabled[0m
[0;32mI (727) wifi_init: WiFi RX IRAM OP enabled[0m
[0;32mI (727) phy_init: phy_version 4780,16b31a7,Sep 22 2023,20:42:16[0m
I (817) wifi:mode : sta (40:22:d8:ea:1f:20)
I (817) wifi:enable tsf
WiFi connecting WIFI_EVENT_STA_START ... 
[0;32mI (827) gpio: GPIO[16]| InputEn: 0| OutputEn: 1| OpenDrain: 0| Pullup: 0| Pulldown: 0| Intr:0 [0m
Master input:
I (837) wifi:new:<6,0>, old:<1,0>, ap:<255,255>, sta:<6,0>, prof:1
I (837) wifi:state: init -> auth (b0)
I (837) wifi:state: auth -> assoc (0)
I (847) wifi:state: assoc -> run (10)
I (897) wifi:connected with XavierV (2), aid = 2, channel 6, BW20, bssid = a2:d9:54:75:7e:e2
I (897) wifi:security: WPA2-PSK, phy: bgn, rssi: -19
I (907) wifi:pm start, type: 1

WiFi connected WIFI_EVENT_STA_CONNECTED ... 
I (927) wifi:<ba-add>idx:0 (ifx:0, a2:d9:54:75:7e:e2), tid:0, ssn:2, winSize:64
I (967) wifi:AP's beacon interval = 102400 us, DTIM period = 1
[0;32mI (1907) esp_netif_handlers: sta ip: 172.20.10.4, mask: 255.255.255.240, gw: 172.20.10.1[0m
WiFi got IP ... 

