zing. ï¿½ets Jul 29 2019 12:21:46

rst:0x1 (POWERON_RESET),boot:0x13 (SPI_FAST_FLASH_BOOT)
configsip: 0, SPIWP:0xee
clk_drv:0x00,q_drv:0x00,d_drv:0x00,cs0_drv:0x00,hd_drv:0x00,wp_drv:0x00
mode:DIO, clock div:2
load:0x3fff0030,len:7080
load:0x40078000,len:15584
load:0x40080400,len:4
ho 8 tail 4 room 4
load:0x40080404,len:3876
entry 0x4008064c
[0;32mI (31) boot: ESP-IDF v5.1.2 2nd stage bootloader[0m
[0;32mI (31) boot: compile time Feb 14 2024 10:51:47[0m
[0;32mI (31) boot: Multicore bootloader[0m
[0;32mI (35) boot: chip revision: v3.0[0m
[0;32mI (39) boot.esp32: SPI Speed      : 40MHz[0m
[0;32mI (44) boot.esp32: SPI Mode       : DIO[0m
[0;32mI (48) boot.esp32: SPI Flash Size : 4MB[0m
[0;32mI (53) boot: Enabling RNG early entropy source...[0m
[0;32mI (58) boot: Partition Table:[0m
[0;32mI (62) boot: ## Label            Usage          Type ST Offset   Length[0m
[0;32mI (69) boot:  0 nvs              WiFi data        01 02 00009000 00006000[0m
[0;32mI (77) boot:  1 phy_init         RF data          01 01 0000f000 00001000[0m
[0;32mI (84) boot:  2 factory          factory app      00 00 00010000 00100000[0m
[0;32mI (92) boot: End of partition table[0m
[0;32mI (96) esp_image: segment 0: paddr=00010020 vaddr=3f400020 size=0b248h ( 45640) map[0m
[0;32mI (121) esp_image: segment 1: paddr=0001b270 vaddr=3ffb0000 size=0227ch (  8828) load[0m
[0;32mI (124) esp_image: segment 2: paddr=0001d4f4 vaddr=40080000 size=02b24h ( 11044) load[0m
[0;32mI (131) esp_image: segment 3: paddr=00020020 vaddr=400d0020 size=16f0ch ( 93964) map[0m
[0;32mI (169) esp_image: segment 4: paddr=00036f34 vaddr=40082b24 size=0a9cch ( 43468) load[0m
[0;32mI (194) boot: Loaded app from partition at offset 0x10000[0m
[0;32mI (194) boot: Disabling RNG early entropy source...[0m
[0;32mI (205) cpu_start: Multicore app[0m
[0;32mI (206) cpu_start: Pro cpu up.[0m
[0;32mI (206) cpu_start: Starting app cpu, entry point is 0x4008117c[0m
[0;32mI (0) cpu_start: App cpu up.[0m
[0;32mI (224) cpu_start: Pro cpu start user code[0m
[0;32mI (224) cpu_start: cpu freq: 240000000 Hz[0m
[0;32mI (224) cpu_start: Application information:[0m
[0;32mI (229) cpu_start: Project name:     GPIO_Test[0m
[0;32mI (234) cpu_start: App version:      87e23ce[0m
[0;32mI (239) cpu_start: Compile time:     Feb 14 2024 10:51:29[0m
[0;32mI (245) cpu_start: ELF file SHA256:  28b34602fc6b87b2...[0m
[0;32mI (251) cpu_start: ESP-IDF:          v5.1.2[0m
[0;32mI (256) cpu_start: Min chip rev:     v0.0[0m
[0;32mI (260) cpu_start: Max chip rev:     v3.99 [0m
[0;32mI (265) cpu_start: Chip rev:         v3.0[0m
[0;32mI (270) heap_init: Initializing. RAM available for dynamic allocation:[0m
[0;32mI (277) heap_init: At 3FFAE6E0 len 00001920 (6 KiB): DRAM[0m
[0;32mI (283) heap_init: At 3FFB2B28 len 0002D4D8 (181 KiB): DRAM[0m
[0;32mI (289) heap_init: At 3FFE0440 len 00003AE0 (14 KiB): D/IRAM[0m
[0;32mI (296) heap_init: At 3FFE4350 len 0001BCB0 (111 KiB): D/IRAM[0m
[0;32mI (302) heap_init: At 4008D4F0 len 00012B10 (74 KiB): IRAM[0m
[0;32mI (310) spi_flash: detected chip: generic[0m
[0;32mI (313) spi_flash: flash io: dio[0m
[0;32mI (318) app_start: Starting scheduler on CPU0[0m
[0;32mI (322) app_start: Starting scheduler on CPU1[0m
[0;32mI (322) main_task: Started on CPU0[0m
[0;32mI (332) main_task: Calling app_main()[0m
[0;32mI (332) gpio: GPIO[16]| InputEn: 0| OutputEn: 1| OpenDrain: 0| Pullup: 0| Pulldown: 0| Intr:0 [0m
[0;32mI (342) gpio: GPIO[17]| InputEn: 1| OutputEn: 0| OpenDrain: 0| Pullup: 1| Pulldown: 0| Intr:1 [0m
Master input:
Received: 0x3ffb4d4c
Received: 0x3ffb4d4c
Received: 0x3ffb4d4c
Received: 0x3ffb4d4c
Received: 0x3ffb4d4c
Received: 0x3ffb4d4c
Received: 0x3ffb4d4c
Received: 0x3ffb4d4c
Received: 0x3ffb4d4c
Received: 0x3ffb4d4c
Received: 0x3ffb4d4c
Received: 0x3ffb4d4c
Received: 0x3ffb4d4c
Received: 0x3ffb4d4c
Received: 0x3ffb4d4c
Received: 0x3ffb4d4c
Received: 0x3ffb4d4c
Received: 0x3ffb4d4c
Received: 0x3ffb4d4c
Received: 0x3ffb4d4c
Received: 0x3ffb4d4c
Received: 0x3ffb4d4c
Received: 0x3ffb4d4c
Received: 0x3ffb4d4c
Received: 0x3ffb4d4c
Received: 0x3ffb4d4c
Received: 0x3ffb4d4c
Received: 0x3ffb4d4c
Received: 0x3ffb4d4c
Received: 0x3ffb4d4c
Received: 0x3ffb4d4c
Received: 0x3ffb4d4c
Received: 0x3ffb4d4c
Received: 0x3ffb4d4c
Received: 0x3ffb4d4c
Received: 0x3ffb4d4c
Received: 0x3ffb4d4c
Received: 0x3ffb4d4c
Received: 0x3ffb4d4c
Received: 0x3ffb4d4c
Received: 0x3ffb4d4c
Received: 0x3ffb4d4c
Received: 0x3ffb4d4c
Received: 0x3ffb4d4c
Received: 0x3ffb4d4c
Received: 0x3ffb4d4c
Received: 0x3ffb4d4c
Received: 0x3ffb4d4c
Received: 0x3ffb4d4c
Received: 0x3ffb4d4c
Received: 0x3ffb4d4c
Received: 0x3ffb4d4c
