81 KiB):ï¿½ets Jul 29 2019 12:21:46

rst:0x1 (POWERON_RESET),boot:0x13 (SPI_FAST_FLASH_BOOT)
configsip: 0, SPIWP:0xee
clk_drv:0x00,q_drv:0x00,d_drv:0x00,cs0_drv:0x00,hd_drv:0x00,wp_drv:0x00
mode:DIO, clock div:2
load:0x3fff0030,len:7080
load:0x40078000,len:15584
load:0x40080400,len:4
ho 8 tail 4 room 4
load:0x40080404,len:3876
entry 0x4008064c
[0;32mI (31) boot: ESP-IDF v5.1.2 2nd stage bootloader[0m
[0;32mI (31) boot: compile time Feb 14 2024 10:51:47[0m
[0;32mI (31) boot: Multicore bootloader[0m
[0;32mI (35) boot: chip revision: v3.0[0m
[0;32mI (39) boot.esp32: SPI Speed      : 40MHz[0m
[0;32mI (44) boot.esp32: SPI Mode       : DIO[0m
[0;32mI (48) boot.esp32: SPI Flash Size : 4MB[0m
[0;32mI (53) boot: Enabling RNG early entropy source...[0m
[0;32mI (58) boot: Partition Table:[0m
[0;32mI (62) boot: ## Label            Usage          Type ST Offset   Length[0m
[0;32mI (69) boot:  0 nvs              WiFi data        01 02 00009000 00006000[0m
[0;32mI (77) boot:  1 phy_init         RF data          01 01 0000f000 00001000[0m
[0;32mI (84) boot:  2 factory          factory app      00 00 00010000 00100000[0m
[0;32mI (92) boot: End of partition table[0m
[0;32mI (96) esp_image: segment 0: paddr=00010020 vaddr=3f400020 size=0b5b0h ( 46512) map[0m
[0;32mI (121) esp_image: segment 1: paddr=0001b5d8 vaddr=3ffb0000 size=0227ch (  8828) load[0m
[0;32mI (125) esp_image: segment 2: paddr=0001d85c vaddr=40080000 size=027bch ( 10172) load[0m
[0;32mI (131) esp_image: segment 3: paddr=00020020 vaddr=400d0020 size=1a6e4h (108260) map[0m
[0;32mI (174) esp_image: segment 4: paddr=0003a70c vaddr=400827bc size=0b228h ( 45608) load[0m
[0;32mI (200) boot: Loaded app from partition at offset 0x10000[0m
[0;32mI (201) boot: Disabling RNG early entropy source...[0m
[0;32mI (212) cpu_start: Multicore app[0m
[0;32mI (212) cpu_start: Pro cpu up.[0m
[0;32mI (212) cpu_start: Starting app cpu, entry point is 0x400811bc[0m
[0;32mI (0) cpu_start: App cpu up.[0m
[0;32mI (230) cpu_start: Pro cpu start user code[0m
[0;32mI (230) cpu_start: cpu freq: 240000000 Hz[0m
[0;32mI (230) cpu_start: Application information:[0m
[0;32mI (235) cpu_start: Project name:     GPIO_Test[0m
[0;32mI (240) cpu_start: App version:      87e23ce[0m
[0;32mI (245) cpu_start: Compile time:     Feb 14 2024 10:51:29[0m
[0;32mI (251) cpu_start: ELF file SHA256:  3776985ae4eeda4e...[0m
[0;32mI (257) cpu_start: ESP-IDF:          v5.1.2[0m
[0;32mI (262) cpu_start: Min chip rev:     v0.0[0m
[0;32mI (267) cpu_start: Max chip rev:     v3.99 [0m
[0;32mI (272) cpu_start: Chip rev:         v3.0[0m
[0;32mI (277) heap_init: Initializing. RAM available for dynamic allocation:[0m
[0;32mI (284) heap_init: At 3FFAE6E0 len 00001920 (6 KiB): DRAM[0m
[0;32mI (290) heap_init: At 3FFB2B28 len 0002D4D8 (181 KiB): DRAM[0m
[0;32mI (296) heap_init: At 3FFE0440 len 00003AE0 (14 KiB): D/IRAM[0m
[0;32mI (302) heap_init: At 3FFE4350 len 0001BCB0 (111 KiB): D/IRAM[0m
[0;32mI (309) heap_init: At 4008D9E4 len 0001261C (73 KiB): IRAM[0m
[0;32mI (316) spi_flash: detected chip: generic[0m
[0;32mI (319) spi_flash: flash io: dio[0m
[0;32mI (324) app_start: Starting scheduler on CPU0[0m
[0;32mI (329) app_start: Starting scheduler on CPU1[0m
[0;32mI (329) main_task: Started on CPU0[0m
[0;32mI (339) main_task: Calling app_main()[0m
[0;32mI (339) gpio: GPIO[16]| InputEn: 0| OutputEn: 1| OpenDrain: 0| Pullup: 0| Pulldown: 0| Intr:0 [0m
[0;32mI (349) gpio: GPIO[17]| InputEn: 1| OutputEn: 0| OpenDrain: 0| Pullup: 1| Pulldown: 0| Intr:1 [0m
Master input:
Guru Meditation Error: Core  0 panic'ed (LoadProhibited). Exception was unhandled.

Core  0 register dump:
PC      : 0x400dc9c4  PS      : 0x00060330  A0      : 0x800dc40c  A1      : 0x3ffb4860  
A2      : 0x00000000  A3      : 0x000000bc  A4      : 0x00000000  A5      : 0x3ffb4a54  
A6      : 0x3ffb4c00  A7      : 0x00000000  A8      : 0x3ffb4a54  A9      : 0x3ffb4850  
A10     : 0x3ffb4870  A11     : 0x3f40b351  A12     : 0x000000ff  A13     : 0x0000ff00  
A14     : 0x00ff0000  A15     : 0xff000000  SAR     : 0x0000001c  EXCCAUSE: 0x0000001c  
EXCVADDR: 0x000000bc  LBEG    : 0x400014fd  LEND    : 0x4000150d  LCOUNT  : 0xffffffff  


Backtrace: 0x400dc9c1:0x3ffb4860 0x400dc409:0x3ffb4b80 0x400d5a06:0x3ffb4c40 0x400e9f54:0x3ffb4e20 0x40088b25:0x3ffb4e50




ELF file SHA256: 3776985ae4eeda4e

Rebooting...
ets Jul 29 2019 12:21:46

rst:0xc (SW_CPU_RESET),boot:0x13 (SPI_FAST_FLASH_BOOT)
configsip: 0, SPIWP:0xee
clk_drv:0x00,q_drv:0x00,d_drv:0x00,cs0_drv:0x00,hd_drv:0x00,wp_drv:0x00
mode:DIO, clock div:2
load:0x3fff0030,len:7080
load:0x40078000,len:15584
load:0x40080400,len:4
ho 8 tail 4 room 4
load:0x40080404,len:3876
entry 0x4008064c
[0;32mI (31) boot: ESP-IDF v5.1.2 2nd stage bootloader[0m
[0;32mI (31) boot: compile time Feb 14 2024 10:51:47[0m
[0;32mI (31) boot: Multicore bootloader[0m
[0;32mI (35) boot: chip revision: v3.0[0m
[0;32mI (39) boot.esp32: SPI Speed      : 40MHz[0m
[0;32mI (44) boot.esp32: SPI Mode       : DIO[0m
[0;32mI (48) boot.esp32: SPI Flash Size : 4MB[0m
[0;32mI (53) boot: Enabling RNG early entropy source...[0m
[0;32mI (58) boot: Partition Table:[0m
[0;32mI (62) boot: ## Label            Usage          Type ST Offset   Length[0m
[0;32mI (69) boot:  0 nvs              WiFi data        01 02 00009000 00006000[0m
[0;32mI (76) boot:  1 phy_init         RF data          01 01 0000f000 00001000[0m
[0;32mI (84) boot:  2 factory          factory app      00 00 00010000 00100000[0m
[0;32mI (91) boot: End of partition table[0m
[0;32mI (96) esp_image: segment 0: paddr=00010020 vaddr=3f400020 size=0b5b0h ( 46512) map[0m
[0;32mI (121) esp_image: segment 1: paddr=0001b5d8 vaddr=3ffb0000 size=0227ch (  8828) load[0m
[0;32mI (125) esp_image: segment 2: paddr=0001d85c vaddr=40080000 size=027bch ( 10172) load[0m
[0;32mI (131) esp_image: segment 3: paddr=00020020 vaddr=400d0020 size=1a6e4h (108260) map[0m
[0;32mI (174) esp_image: segment 4: paddr=0003a70c vaddr=400827bc size=0b228h ( 45608) load[0m
[0;32mI (200) boot: Loaded app from partition at offset 0x10000[0m
[0;32mI (200) boot: Disabling RNG early entropy source...[0m
[0;32mI (212) cpu_start: Multicore app[0m
[0;32mI (212) cpu_start: Pro cpu up.[0m
[0;32mI (212) cpu_start: Starting app cpu, entry point is 0x400811bc[0m
[0;32mI (200) cpu_start: App cpu up.[0m
[0;32mI (230) cpu_start: Pro cpu start user code[0m
[0;32mI (230) cpu_start: cpu freq: 240000000 Hz[0m
[0;32mI (230) cpu_start: Application information:[0m
[0;32mI (235) cpu_start: Project name:     GPIO_Test[0m
[0;32mI (240) cpu_start: App version:      87e23ce[0m
[0;32mI (245) cpu_start: Compile time:     Feb 14 2024 10:51:29[0m
[0;32mI (251) cpu_start: ELF file SHA256:  3776985ae4eeda4e...[0m
[0;32mI (257) cpu_start: ESP-IDF:          v5.1.2[0m
[0;32mI (262) cpu_start: Min chip rev:     v0.0[0m
[0;32mI (267) cpu_start: Max chip rev:     v3.99 [0m
[0;32mI (272) cpu_start: Chip rev:         v3.0[0m
[0;32mI (277) heap_init: Initializing. RAM available for dynamic allocation:[0m
[0;32mI (284) heap_init: At 3FFAE6E0 len 00001920 (6 KiB): DRAM[0m
[0;32mI (290) heap_init: At 3FFB2B28 len 0002D4D8 (181 KiB): DRAM[0m
[0;32mI (296) heap_init: At 3FFE0440 len 00003AE0 (14 KiB): D/IRAM[0m
[0;32mI (302) heap_init: At 3FFE4350 len 0001BCB0 (111 KiB): D/IRAM[0m
[0;32mI (309) heap_init: At 4008D9E4 len 0001261C (73 KiB): IRAM[0m
[0;32mI (316) spi_flash: detected chip: generic[0m
[0;32mI (320) spi_flash: flash io: dio[0m
[0;32mI (324) app_start: Starting scheduler on CPU0[0m
[0;32mI (329) app_start: Starting scheduler on CPU1[0m
[0;32mI (329) main_task: Started on CPU0[0m
[0;32mI (339) main_task: Calling app_main()[0m
[0;32mI (339) gpio: GPIO[16]| InputEn: 0| OutputEn: 1| OpenDrain: 0| Pullup: 0| Pulldown: 0| Intr:0 [0m
[0;32mI (349) gpio: GPIO[17]| InputEn: 1| OutputEn: 0| OpenDrain: 0| Pullup: 1| Pulldown: 0| Intr:1 [0m
Master input:
Guru Meditation Error: Core  0 panic'ed (LoadProhibited). Exception was unhandled.

Core  0 register dump:
PC      : 0x400dc9c4  PS      : 0x00060330  A0      : 0x800dc40c  A1      : 0x3ffb4860  
A2      : 0x00000000  A3      : 0x000000bc  A4      : 0x00000000  A5      : 0x3ffb4a54  
A6      : 0x3ffb4c00  A7      : 0x00000000  A8      : 0x3ffb4a54  A9      : 0x3ffb4850  
A10     : 0x3ffb4870  A11     : 0x3f40b351  A12     : 0x000000ff  A13     : 0x0000ff00  
A14     : 0x00ff0000  A15     : 0xff000000  SAR     : 0x0000001c  EXCCAUSE: 0x0000001c  
EXCVADDR: 0x000000bc  LBEG    : 0x400014fd  LEND    : 0x4000150d  LCOUNT  : 0xffffffff  


Backtrace: 0x400dc9c1:0x3ffb4860 0x400dc409:0x3ffb4b80 0x400d5a06:0x3ffb4c40 0x400e9f54:0x3ffb4e20 0x40088b25:0x3ffb4e50




ELF file SHA256: 3776985ae4eeda4e

Rebooting...
ets Jul 29 2019 12:21:46

rst:0xc (SW_CPU_RESET),boot:0x13 (SPI_FAST_FLASH_BOOT)
configsip: 0, SPIWP:0xee
clk_drv:0x00,q_drv:0x00,d_drv:0x00,cs0_drv:0x00,hd_drv:0x00,wp_drv:0x00
mode:DIO, clock div:2
load:0x3fff0030,len:7080
load:0x40078000,len:15584
load:0x40080400,len:4
ho 8 tail 4 room 4
load:0x40080404,len:3876
entry 0x4008064c
[0;32mI (31) boot: ESP-IDF v5.1.2 2nd stage bootloader[0m
[0;32mI (31) boot: compile time Feb 14 2024 10:51:47[0m
[0;32mI (31) boot: Multicore bootloader[0m
[0;32mI (35) boot: chip revision: v3.0[0m
[0;32mI (39) boot.esp32: SPI Speed      : 40MHz[0m
[0;32mI (44) boot.esp32: SPI Mode       : DIO[0m
[0;32mI (48) boot.esp32: SPI Flash Size : 4MB[0m
[0;32mI (53) boot: Enabling RNG early entropy source...[0m
[0;32mI (58) boot: Partition Table:[0m
[0;32mI (62) boot: ## Label            Usage          Type ST Offset   Length[0m
[0;32mI (69) boot:  0 nvs              WiFi data        01 02 00009000 00006000[0m
[0;32mI (76) boot:  1 phy_init         RF data          01 01 0000f000 00001000[0m
[0;32mI (84) boot:  2 factory          factory app      00 00 00010000 00100000[0m
[0;32mI (91) boot: End of partition table[0m
[0;32mI (96) esp_image: segment 0: paddr=00010020 vaddr=3f400020 size=0b5b0h ( 46512) map[0m
[0;32mI (121) esp_image: segment 1: paddr=0001b5d8 vaddr=3ffb0000 size=0227ch (  8828) load[0m
[0;32mI (125) esp_image: segment 2: paddr=0001d85c vaddr=40080000 size=027bch ( 10172) load[0m
[0;32mI (131) esp_image: segment 3: paddr=00020020 vaddr=400d0020 size=1a6e4h (108260) map[0m
[0;32mI (174) esp_image: segment 4: paddr=0003a70c vaddr=400827bc size=0b228h ( 45608) load[0m
[0;32mI (200) boot: Loaded app from partition at offset 0x10000[0m
[0;32mI (200) boot: Disabling RNG early entropy source...[0m
[0;32mI (212) cpu_start: Multicore app[0m
[0;32mI (212) cpu_start: Pro cpu up.[0m
[0;32mI (212) cpu_start: Starting app cpu, entry point is 0x400811bc[0m
[0;32mI (200) cpu_start: App cpu up.[0m
[0;32mI (230) cpu_start: Pro cpu start user code[0m
[0;32mI (230) cpu_start: cpu freq: 240000000 Hz[0m
[0;32mI (230) cpu_start: Application information:[0m
[0;32mI (235) cpu_start: Project name:     GPIO_Test[0m
[0;32mI (240) cpu_start: App version:      87e23ce[0m
[0;32mI (245) cpu_start: Compile time:     Feb 14 2024 10:51:29[0m
[0;32mI (251) cpu_start: ELF file SHA256:  3776985ae4eeda4e...[0m
[0;32mI (257) cpu_start: ESP-IDF:          v5.1.2[0m
[0;32mI (262) cpu_start: Min chip rev:     v0.0[0m
[0;32mI (267) cpu_start: Max chip rev:     v3.99 [0m
[0;32mI (272) cpu_start: Chip rev:         v3.0[0m
[0;32mI (277) heap_init: Initializing. RAM available for dynamic allocation:[0m
[0;32mI (284) heap_init: At 3FFAE6E0 len 00001920 (6 KiB): DRAM[0m
[0;32mI (290) heap_init: At 3FFB2B28 len 0002D4D8 (181 KiB): DRAM[0m
[0;32mI (296) heap_init: At 3FFE0440 len 00003AE0 (14 KiB): D/IRAM[0m
[0;32mI (302) heap_init: At 3FFE4350 len 0001BCB0 (111 KiB): D/IRAM[0m
[0;32mI (309) heap_init: At 4008D9E4 len 0001261C (73 KiB): IRAM[0m
[0;32mI (316) spi_flash: detected chip: generic[0m
[0;32mI (320) spi_flash: flash io: dio[0m
[0;32mI (324) app_start: Starting scheduler on CPU0[0m
[0;32mI (329) app_start: Starting scheduler on CPU1[0m
[0;32mI (329) main_task: Started on CPU0[0m
[0;32mI (339) main_task: Calling app_main()[0m
[0;32mI (339) gpio: GPIO[16]| InputEn: 0| OutputEn: 1| OpenDrain: 0| Pullup: 0| Pulldown: 0| Intr:0 [0m
[0;32mI (349) gpio: GPIO[17]| InputEn: 1| OutputEn: 0| OpenDrain: 0| Pullup: 1| Pulldown: 0| Intr:1 [0m
Master input:
Guru Meditation Error: Core  0 panic'ed (LoadProhibited). Exception was unhandled.

Core  0 register dump:
PC      : 0x400dc9c4  PS      : 0x00060330  A0      : 0x800dc40c  A1      : 0x3ffb4860  
A2      : 0x00000000  A3      : 0x000000bc  A4      : 0x00000000  A5      : 0x3ffb4a54  
A6      : 0x3ffb4c00  A7      : 0x00000000  A8      : 0x3ffb4a54  A9      : 0x3ffb4850  
A10     : 0x3ffb4870  A11     : 0x3f40b351  A12     : 0x000000ff  A13     : 0x0000ff00  
A14     : 0x00ff0000  A15     : 0xff000000  SAR     : 0x0000001c  EXCCAUSE: 0x0000001c  
EXCVADDR: 0x000000bc  LBEG    : 0x400014fd  LEND    : 0x4000150d  LCOUNT  : 0xffffffff  


Backtrace: 0x400dc9c1:0x3ffb4860 0x400dc409:0x3ffb4b80 0x400d5a06:0x3ffb4c40 0x400e9f54:0x3ffb4e20 0x40088b25:0x3ffb4e50




ELF file SHA256: 3776985ae4eeda4e

Rebooting...
ets Jul 29 2019 12:21:46

rst:0xc (SW_CPU_RESET),boot:0x13 (SPI_FAST_FLASH_BOOT)
configsip: 0, SPIWP:0xee
clk_drv:0x00,q_drv:0x00,d_drv:0x00,cs0_drv:0x00,hd_drv:0x00,wp_drv:0x00
mode:DIO, clock div:2
load:0x3fff0030,len:7080
load:0x40078000,len:15584
load:0x40080400,len:4
ho 8 tail 4 room 4
load:0x40080404,len:3876
entry 0x4008064c
[0;32mI (31) boot: ESP-IDF v5.1.2 2nd stage bootloader[0m
[0;32mI (31) boot: compile time Feb 14 2024 10:51:47[0m
[0;32mI (31) boot: Multicore bootloader[0m
[0;32mI (35) boot: chip revision: v3.0[0m
[0;32mI (39) boot.esp32: SPI Speed      : 40MHz[0m
[0;32mI (44) boot.esp32: SPI Mode       : DIO[0m
[0;32mI (48) boot.esp32: SPI Flash Size : 4MB[0m
[0;32mI (53) boot: Enabling RNG early entropy source...[0m
[0;32mI (58) boot: Partition Table:[0m
[0;32mI (62) boot: ## Label            Usage          Type ST Offset   Length[0m
[0;32mI (69) boot:  0 nvs              WiFi data        01 02 00009000 00006000[0m
[0;32mI (76) boot:  1 phy_init         RF data          01 01 0000f000 00001000[0m
[0;32mI (84) boot:  2 factory          factory app      00 00 00010000 00100000[0m
[0;32mI (91) boot: End of partition table[0m
[0;32mI (96) esp_image: segment 0: paddr=00010020 vaddr=3f400020 size=0b5b0h ( 46512) map[0m
[0;32mI (121) esp_image: segment 1: paddr=0001b5d8 vaddr=3ffb0000 size=0227ch (  8828) load[0m
[0;32mI (125) esp_image: segment 2: paddr=0001d85c vaddr=40080000 size=027bch ( 10172) load[0m
[0;32mI (131) esp_image: segment 3: paddr=00020020 vaddr=400d0020 size=1a6e4h (108260) map[0m
[0;32mI (174) esp_image: segment 4: paddr=0003a70c vaddr=400827bc size=0b228h ( 45608) load[0m
[0;32mI (200) boot: Loaded app from partition at offset 0x10000[0m
[0;32mI (200) boot: Disabling RNG early entropy source...[0m
[0;32mI (212) cpu_start: Multicore app[0m
[0;32mI (212) cpu_start: Pro cpu up.[0m
[0;32mI (212) cpu_start: Starting app cpu, entry point is 0x400811bc[0m
[0;32mI (200) cpu_start: App cpu up.[0m
[0;32mI (230) cpu_start: Pro cpu start user code[0m
[0;32mI (230) cpu_start: cpu freq: 240000000 Hz[0m
[0;32mI (230) cpu_start: Application information:[0m
[0;32mI (235) cpu_start: Project name:     GPIO_Test[0m
[0;32mI (240) cpu_start: App version:      87e23ce[0m
[0;32mI (245) cpu_start: Compile time:     Feb 14 2024 10:51:29[0m
[0;32mI (251) cpu_start: ELF file SHA256:  3776985ae4eeda4e...[0m
[0;32mI (257) cpu_start: ESP-IDF:          v5.1.2[0m
[0;32mI (262) cpu_start: Min chip rev:     v0.0[0m
[0;32mI (267) cpu_start: Max chip rev:     v3.99 [0m
[0;32mI (272) cpu_start: Chip rev:         v3.0[0m
[0;32mI (277) heap_init: Initializing. RAM available for dynamic allocation:[0m
[0;32mI (284) heap_init: At 3FFAE6E0 len 00001920 (6 KiB): DRAM[0m
[0;32mI (290) heap_init: At 3FFB2B28 len 0002D4D8 (181 KiB): DRAM[0m
[0;32mI (296) heap_init: At 3FFE0440 len 00003AE0 (14 KiB): D/IRAM[0m
[0;32mI (302) heap_init: At 3FFE4350 len 0001BCB0 (111 KiB): D/IRAM[0m
[0;32mI (309) heap_init: At 4008D9E4 len 0001261C (73 KiB): IRAM[0m
[0;32mI (316) spi_flash: detected chip: generic[0m
[0;32mI (320) spi_flash: flash io: dio[0m
[0;32mI (324) app_start: Starting scheduler on CPU0[0m
[0;32mI (329) app_start: Starting scheduler on CPU1[0m
[0;32mI (329) main_task: Started on CPU0[0m
[0;32mI (339) main_task: Calling app_main()[0m
[0;32mI (339) gpio: GPIO[16]| InputEn: 0| OutputEn: 1| OpenDrain: 0| Pullup: 0| Pulldown: 0| Intr:0 [0m
[0;32mI (349) gpio: GPIO[17]| InputEn: 1| OutputEn: 0| OpenDrain: 0| Pullup: 1| Pulldown: 0| Intr:1 [0m
Master input:
Guru Meditation Error: Core  0 panic'ed (LoadProhibited). Exception was unhandled.

Core  0 register dump:
PC      : 0x400dc9c4  PS      : 0x00060330  A0      : 0x800dc40c  A1      : 0x3ffb4860  
A2      : 0x00000000  A3      : 0x000000bc  A4      : 0x00000000  A5      : 0x3ffb4a54  
A6      : 0x3ffb4c00  A7      : 0x00000000  A8      : 0x3ffb4a54  A9      : 0x3ffb4850  
A10     : 0x3ffb4870  A11     : 0x3f40b351  A12     : 0x000000ff  A13     : 0x0000ff00  
A14     : 0x00ff0000  A15     : 0xff000000  SAR     : 0x0000001c  EXCCAUSE: 0x0000001c  
EXCVADDR: 0x000000bc  LBEG    : 0x400014fd  LEND    : 0x4000150d  LCOUNT  : 0xffffffff  


Backtrace: 0x400dc9c1:0x3ffb4860 0x400dc409:0x3ffb4b80 0x400d5a06:0x3ffb4c40 0x400e9f54:0x3ffb4e20 0x40088b25:0x3ffb4e50




ELF file SHA256: 3776985ae4eeda4e

Rebooting...
ets Jul 29 2019 12:21:46

rst:0xc (SW_CPU_RESET),boot:0x13 (SPI_FAST_FLASH_BOOT)
configsip: 0, SPIWP:0xee
clk_drv:0x00,q_drv:0x00,d_drv:0x00,cs0_drv:0x00,hd_drv:0x00,wp_drv:0x00
mode:DIO, clock div:2
load:0x3fff0030,len:7080
load:0x40078000,len:15584
load:0x40080400,len:4
ho 8 tail 4 room 4
load:0x40080404,len:3876
entry 0x4008064c
[0;32mI (31) boot: ESP-IDF v5.1.2 2nd stage bootloader[0m
[0;32mI (31) boot: compile time Feb 14 2024 10:51:47[0m
[0;32mI (31) boot: Multicore bootloader[0m
[0;32mI (35) boot: chip revision: v3.0[0m
[0;32mI (39) boot.esp32: SPI Speed      : 40MHz[0m
[0;32mI (44) boot.esp32: SPI Mode       : DIO[0m
[0;32mI (48) boot.esp32: SPI Flash Size : 4MB[0m
[0;32mI (53) boot: Enabling RNG early entropy source...[0m
[0;32mI (58) boot: Partition Table:[0m
[0;32mI (62) boot: ## Label            Usage          Type ST Offset   Length[0m
[0;32mI (69) boot:  0 nvs              WiFi data        01 02 00009000 00006000[0m
[0;32mI (76) boot:  1 phy_init         RF data          01 01 0000f000 00001000[0m
[0;32mI (84) boot:  2 factory          factory app      00 00 00010000 00100000[0m
[0;32mI (91) boot: End of partition table[0m
[0;32mI (96) esp_image: segment 0: paddr=00010020 vaddr=3f400020 size=0b5b0h ( 46512) map[0m
[0;32mI (121) esp_image: segment 1: paddr=0001b5d8 vaddr=3ffb0000 size=0227ch (  8828) load[0m
[0;32mI (125) esp_image: segment 2: paddr=0001d85c vaddr=40080000 size=027bch ( 10172) load[0m
[0;32mI (131) esp_image: segment 3: paddr=00020020 vaddr=400d0020 size=1a6e4h (108260) map[0m
[0;32mI (174) esp_image: segment 4: paddr=0003a70c vaddr=400827bc size=0b228h ( 45608) load[0m
[0;32mI (200) boot: Loaded app from partition at offset 0x10000[0m
[0;32mI (200) boot: Disabling RNG early entropy source...[0m
[0;32mI (212) cpu_start: Multicore app[0m
[0;32mI (212) cpu_start: Pro cpu up.[0m
[0;32mI (212) cpu_start: Starting app cpu, entry point is 0x400811bc[0m
[0;32mI (200) cpu_start: App cpu up.[0m
[0;32mI (230) cpu_start: Pro cpu start user code[0m
[0;32mI (230) cpu_start: cpu freq: 240000000 Hz[0m
[0;32mI (230) cpu_start: Application information:[0m
[0;32mI (235) cpu_start: Project name:     GPIO_Test[0m
[0;32mI (240) cpu_start: App version:      87e23ce[0m
[0;32mI (245) cpu_start: Compile time:     Feb 14 2024 10:51:29[0m
[0;32mI (251) cpu_start: ELF file SHA256:  3776985ae4eeda4e...[0m
[0;32mI (257) cpu_start: ESP-IDF:          v5.1.2[0m
[0;32mI (262) cpu_start: Min chip rev:     v0.0[0m
[0;32mI (267) cpu_start: Max chip rev:     v3.99 [0m
[0;32mI (272) cpu_start: Chip rev:         v3.0[0m
[0;32mI (277) heap_init: Initializing. RAM available for dynamic allocation:[0m
[0;32mI (284) heap_init: At 3FFAE6E0 len 00001920 (6 KiB): DRAM[0m
[0;32mI (290) heap_init: At 3FFB2B28 len 0002D4D8 (181 KiB): DRAM[0m
[0;32mI (296) heap_init: At 3FFE0440 len 00003AE0 (14 KiB): D/IRAM[0m
[0;32mI (302) heap_init: At 3FFE4350 len 0001BCB0 (111 KiB): D/IRAM[0m
[0;32mI (309) heap_init: At 4008D9E4 len 0001261C (73 KiB): IRAM[0m
[0;32mI (316) spi_flash: detected chip: generic[0m
[0;32mI (320) spi_flash: flash io: dio[0m
[0;32mI (324) app_start: Starting scheduler on CPU0[0m
[0;32mI (329) app_start: Starting scheduler on CPU1[0m
[0;32mI (329) main_task: Started on CPU0[0m
[0;32mI (339) main_task: Calling app_main()[0m
[0;32mI (339) gpio: GPIO[16]| InputEn: 0| OutputEn: 1| OpenDrain: 0| Pullup: 0| Pulldown: 0| Intr:0 [0m
[0;32mI (349) gpio: GPIO[17]| InputEn: 1| OutputEn: 0| OpenDrain: 0| Pullup: 1| Pulldown: 0| Intr:1 [0m
Master input:
Guru Meditation Error: Core  0 panic'ed (LoadProhibited). Exception was unhandled.

Core  0 register dump:
PC      : 0x400dc9c4  PS      : 0x00060330  A0      : 0x800dc40c  A1      : 0x3ffb4860  
A2      : 0x00000000  A3      : 0x000000bc  A4      : 0x00000000  A5      : 0x3ffb4a54  
A6      : 0x3ffb4c00  A7      : 0x00000000  A8      : 0x3ffb4a54  A9      : 0x3ffb4850  
A10     : 0x3ffb4870  A11     : 0x3f40b351  A12     : 0x000000ff  A13     : 0x0000ff00  
A14     : 0x00ff0000  A15     : 0xff000000  SAR     : 0x0000001c  EXCCAUSE: 0x0000001c  
EXCVADDR: 0x000000bc  LBEG    : 0x400014fd  LEND    : 0x4000150d  LCOUNT  : 0xffffffff  


Backtrace: 0x400dc9c1:0x3ffb4860 0x400dc409:0x3ffb4b80 0x400d5a06:0x3ffb4c40 0x400e9f54:0x3ffb4e20 0x40088b25:0x3ffb4e50




ELF file SHA256: 3776985ae4eeda4e

Rebooting...
ets Jul 29 2019 12:21:46

rst:0xc (SW_CPU_RESET),boot:0x13 (SPI_FAST_FLASH_BOOT)
configsip: 0, SPIWP:0xee
clk_drv:0x00,q_drv:0x00,d_drv:0x00,cs0_drv:0x00,hd_drv:0x00,wp_drv:0x00
mode:DIO, clock div:2
load:0x3fff0030,len:7080
load:0x40078000,len:15584
load:0x40080400,len:4
ho 8 tail 4 room 4
load:0x40080404,len:3876
entry 0x4008064c
[0;32mI (31) boot: ESP-IDF v5.1.2 2nd stage bootloader[0m
[0;32mI (31) boot: compile time Feb 14 2024 10:51:47[0m
[0;32mI (31) boot: Multicore bootloader[0m
[0;32mI (35) boot: chip revision: v3.0[0m
[0;32mI (39) boot.esp32: SPI Speed      : 40MHz[0m
[0;32mI (44) boot.esp32: SPI Mode       : DIO[0m
[0;32mI (48) boot.esp32: SPI Flash Size : 4MB[0m
[0;32mI (53) boot: Enabling RNG early entropy source...[0m
[0;32mI (58) boot: Partition Table:[0m
[0;32mI (62) boot: ## Label            Usage          Type ST Offset   Length[0m
[0;32mI (69) boot:  0 nvs              WiFi data        01 02 00009000 00006000[0m
[0;32mI (76) boot:  1 phy_init         RF data          01 01 0000f000 00001000[0m
[0;32mI (84) boot:  2 factory          factory app      00 00 00010000 00100000[0m
[0;32mI (91) boot: End of partition table[0m
[0;32mI (96) esp_image: segment 0: paddr=00010020 vaddr=3f400020 size=0b5b0h ( 46512) map[0m
[0;32mI (121) esp_image: segment 1: paddr=0001b5d8 vaddr=3ffb0000 size=0227ch (  8828) load[0m
[0;32mI (125) esp_image: segment 2: paddr=0001d85c vaddr=40080000 size=027bch ( 10172) load[0m
[0;32mI (131) esp_image: segment 3: paddr=00020020 vaddr=400d0020 size=1a6e4h (108260) map[0m
[0;32mI (174) esp_image: segment 4: paddr=0003a70c vaddr=400827bc size=0b228h ( 45608) load[0m
[0;32mI (200) boot: Loaded app from partition at offset 0x10000[0m
[0;32mI (200) boot: Disabling RNG early entropy source...[0m
[0;32mI (212) cpu_start: Multicore app[0m
[0;32mI (212) cpu_start: Pro cpu up.[0m
[0;32mI (212) cpu_start: Starting app cpu, entry point is 0x400811bc[0m
[0;32mI (200) cpu_start: App cpu up.[0m
[0;32mI (230) cpu_start: Pro cpu start user code[0m
[0;32mI (230) cpu_start: cpu freq: 240000000 Hz[0m
[0;32mI (230) cpu_start: Application information:[0m
[0;32mI (235) cpu_start: Project name:     GPIO_Test[0m
[0;32mI (240) cpu_start: App version:      87e23ce[0m
[0;32mI (245) cpu_start: Compile time:     Feb 14 2024 10:51:29[0m
[0;32mI (251) cpu_start: ELF file SHA256:  3776985ae4eeda4e...[0m
[0;32mI (257) cpu_start: ESP-IDF:          v5.1.2[0m
[0;32mI (262) cpu_start: Min chip rev:     v0.0[0m
[0;32mI (267) cpu_start: Max chip rev:     v3.99 [0m
[0;32mI (272) cpu_start: Chip rev:         v3.0[0m
[0;32mI (277) heap_init: Initializing. RAM available for dynamic allocation:[0m
[0;32mI (284) heap_init: At 3FFAE6E0 len 00001920 (6 KiB): DRAM[0m
[0;32mI (290) heap_init: At 3FFB2B28 len 0002D4D8 (181 KiB): DRAM[0m
[0;32mI (296) heap_init: At 3FFE0440 len 00003AE0 (14 KiB): D/IRAM[0m
[0;32mI (302) heap_init: At 3FFE4350 len 0001BCB0 (111 KiB): D/IRAM[0m
[0;32mI (309) heap_init: At 4008D9E4 len 0001261C (73 KiB): IRAM[0m
[0;32mI (316) spi_flash: detected chip: generic[0m
[0;32mI (320) spi_flash: flash io: dio[0m
[0;32mI (324) app_start: Starting scheduler on CPU0[0m
[0;32mI (329) app_start: Starting scheduler on CPU1[0m
[0;32mI (329) main_task: Started on CPU0[0m
[0;32mI (339) main_task: Calling app_main()[0m
[0;32mI (339) gpio: GPIO[16]| InputEn: 0| OutputEn: 1| OpenDrain: 0| Pullup: 0| Pulldown: 0| Intr:0 [0m
[0;32mI (349) gpio: GPIO[17]| InputEn: 1| OutputEn: 0| OpenDrain: 0| Pullup: 1| Pulldown: 0| Intr:1 [0m
Master input:
Guru Meditation Error: Core  0 panic'ed (LoadProhibited). Exception was unhandled.

Core  0 register dump:
PC      : 0x400dc9c4  PS      : 0x00060330  A0      : 0x800dc40c  A1      : 0x3ffb4860  
A2      : 0x00000000  A3      : 0x000000bc  A4      : 0x00000000  A5      : 0x3ffb4a54  
A6      : 0x3ffb4c00  A7      : 0x00000000  A8      : 0x3ffb4a54  A9      : 0x3ffb4850  
A10     : 0x3ffb4870  A11     : 0x3f40b351  A12     : 0x000000ff  A13     : 0x0000ff00  
A14     : 0x00ff0000  A15     : 0xff000000  SAR     : 0x0000001c  EXCCAUSE: 0x0000001c  
EXCVADDR: 0x000000bc  LBEG    : 0x400014fd  LEND    : 0x4000150d  LCOUNT  : 0xffffffff  


Backtrace: 0x400dc9c1:0x3ffb4860 0x400dc409:0x3ffb4b80 0x400d5a06:0x3ffb4c40 0x400e9f54:0x3ffb4e20 0x40088b25:0x3ffb4e50




ELF file SHA256: 3776985ae4eeda4e

Rebooting...
ets Jul 29 2019 12:21:46

rst:0xc (SW_CPU_RESET),boot:0x13 (SPI_FAST_FLASH_BOOT)
configsip: 0, SPIWP:0xee
clk_drv:0x00,q_drv:0x00,d_drv:0x00,cs0_drv:0x00,hd_drv:0x00,wp_drv:0x00
mode:DIO, clock div:2
load:0x3fff0030,len:7080
load:0x40078000,len:15584
load:0x40080400,len:4
ho 8 tail 4 room 4
load:0x40080404,len:3876
entry 0x4008064c
[0;32mI (31) boot: ESP-IDF v5.1.2 2nd stage bootloader[0m
[0;32mI (31) boot: compile time Feb 14 2024 10:51:47[0m
[0;32mI (31) boot: Multicore bootloader[0m
[0;32mI (35) boot: chip revision: v3.0[0m
[0;32mI (39) boot.esp32: SPI Speed      : 40MHz[0m
[0;32mI (44) boot.esp32: SPI Mode       : DIO[0m
[0;32mI (48) boot.esp32: SPI Flash Size : 4MB[0m
[0;32mI (53) boot: Enabling RNG early entropy source...[0m
[0;32mI (58) boot: Partition Table:[0m
[0;32mI (62) boot: ## Label            Usage          Type ST Offset   Length[0m
[0;32mI (69) boot:  0 nvs              WiFi data        01 02 00009000 00006000[0m
[0;32mI (76) boot:  1 phy_init         RF data          01 01 0000f000 00001000[0m
[0;32mI (84) boot:  2 factory          factory app      00 00 00010000 00100000[0m
[0;32mI (91) boot: End of partition table[0m
[0;32mI (96) esp_image: segment 0: paddr=00010020 vaddr=3f400020 size=0b5b0h ( 46512) map[0m
[0;32mI (121) esp_image: segment 1: paddr=0001b5d8 vaddr=3ffb0000 size=0227ch (  8828) load[0m
[0;32mI (125) esp_image: segment 2: paddr=0001d85c vaddr=40080000 size=027bch ( 10172) load[0m
[0;32mI (131) esp_image: segment 3: paddr=00020020 vaddr=400d0020 size=1a6e4h (108260) map[0m
[0;32mI (174) esp_image: segment 4: paddr=0003a70c vaddr=400827bc size=0b228h ( 45608) load[0m
[0;32mI (200) boot: Loaded app from partition at offset 0x10000[0m
[0;32mI (200) boot: Disabling RNG early entropy source...[0m
[0;32mI (212) cpu_start: Multicore app[0m
[0;32mI (212) cpu_start: Pro cpu up.[0m
[0;32mI (212) cpu_start: Starting app cpu, entry point is 0x400811bc[0m
[0;32mI (200) cpu_start: App cpu up.[0m
[0;32mI (230) cpu_start: Pro cpu start user code[0m
[0;32mI (230) cpu_start: cpu freq: 240000000 Hz[0m
[0;32mI (230) cpu_start: Application information:[0m
[0;32mI (235) cpu_start: Project name:     GPIO_Test[0m
[0;32mI (240) cpu_start: App version:      87e23ce[0m
[0;32mI (245) cpu_start: Compile time:     Feb 14 2024 10:51:29[0m
[0;32mI (251) cpu_start: ELF file SHA256:  3776985ae4eeda4e...[0m
[0;32mI (257) cpu_start: ESP-IDF:          v5.1.2[0m
[0;32mI (262) cpu_start: Min chip rev:     v0.0[0m
[0;32mI (267) cpu_start: Max chip rev:     v3.99 [0m
[0;32mI (272) cpu_start: Chip rev:         v3.0[0m
[0;32mI (277) heap_init: Initializing. RAM available for dynamic allocation:[0m
[0;32mI (284) heap_init: At 3FFAE6E0 len 00001920 (6 KiB): DRAM[0m
[0;32mI (290) heap_init: At 3FFB2B28 len 0002D4D8 (181 KiB): DRAM[0m
[0;32mI (296) heap_init: At 3FFE0440 len 00003AE0 (14 KiB): D/IRAM[0m
[0;32mI (302) heap_init: At 3FFE4350 len 0001BCB0 (111 KiB): D/IRAM[0m
[0;32mI (309) heap_init: At 4008D9E4 len 0001261C (73 KiB): IRAM[0m
[0;32mI (316) spi_flash: detected chip: generic[0m
[0;32mI (320) spi_flash: flash io: dio[0m
[0;32mI (324) app_start: Starting scheduler on CPU0[0m
[0;32mI (329) app_start: Starting scheduler on CPU1[0m
[0;32mI (329) main_task: Started on CPU0[0m
[0;32mI (339) main_task: Calling app_main()[0m
[0;32mI (339) gpio: GPIO[16]| InputEn: 0| OutputEn: 1| OpenDrain: 0| Pullup: 0| Pulldown: 0| Intr:0 [0m
[0;32mI (349) gpio: GPIO[17]| InputEn: 1| OutputEn: 0| OpenDrain: 0| Pullup: 1| Pulldown: 0| Intr:1 [0m
Master input:
Guru Meditation Error: Core  0 panic'ed (LoadProhibited). Exception was unhandled.

Core  0 register dump:
PC      : 0x400dc9c4  PS      : 0x00060330  A0      : 0x800dc40c  A1      : 0x3ffb4860  
A2      : 0x00000000  A3      : 0x000000bc  A4      : 0x00000000  A5      : 0x3ffb4a54  
A6      : 0x3ffb4c00  A7      : 0x00000000  A8      : 0x3ffb4a54  A9      : 0x3ffb4850  
A10     : 0x3ffb4870  A11     : 0x3f40b351  A12     : 0x000000ff  A13     : 0x0000ff00  
A14     : 0x00ff0000  A15     : 0xff000000  SAR     : 0x0000001c  EXCCAUSE: 0x0000001c  
EXCVADDR: 0x000000bc  LBEG    : 0x400014fd  LEND    : 0x4000150d  LCOUNT  : 0xffffffff  


Backtrace: 0x400dc9c1:0x3ffb4860 0x400dc409:0x3ffb4b80 0x400d5a06:0x3ffb4c40 0x400e9f54:0x3ffb4e20 0x40088b25:0x3ffb4e50




ELF file SHA256: 3776985ae4eeda4e

Rebooting...
ets Jul 29 2019 12:21:46

rst:0xc (SW_CPU_RESET),boot:0x13 (SPI_FAST_FLASH_BOOT)
configsip: 0, SPIWP:0xee
clk_drv:0x00,q_drv:0x00,d_drv:0x00,cs0_drv:0x00,hd_drv:0x00,wp_drv:0x00
mode:DIO, clock div:2
load:0x3fff0030,len:7080
load:0x40078000,len:15584
load:0x40080400,len:4
ho 8 tail 4 room 4
load:0x40080404,len:3876
entry 0x4008064c
[0;32mI (31) boot: ESP-IDF v5.1.2 2nd stage bootloader[0m
[0;32mI (31) boot: compile time Feb 14 2024 10:51:47[0m
[0;32mI (31) boot: Multicore bootloader[0m
[0;32mI (35) boot: chip revision: v3.0[0m
[0;32mI (39) boot.esp32: SPI Speed      : 40MHz[0m
[0;32mI (44) boot.esp32: SPI Mode       : DIO[0m
[0;32mI (48) boot.esp32: SPI Flash Size : 4MB[0m
[0;32mI (53) boot: Enabling RNG early entropy source...[0m
[0;32mI (58) boot: Partition Table:[0m
[0;32mI (62) boot: ## Label            Usage          Type ST Offset   Length[0m
[0;32mI (69) boot:  0 nvs              WiFi data        01 02 00009000 00006000[0m
[0;32mI (76) boot:  1 phy_init         RF data          01 01 0000f000 00001000[0m
[0;32mI (84) boot:  2 factory          factory app      00 00 00010000 00100000[0m
[0;32mI (91) boot: End of partition table[0m
[0;32mI (96) esp_image: segment 0: paddr=00010020 vaddr=3f400020 size=0b5b0h ( 46512) map[0m
[0;32mI (121) esp_image: segment 1: paddr=0001b5d8 vaddr=3ffb0000 size=0227ch (  8828) load[0m
[0;32mI (125) esp_image: segment 2: paddr=0001d85c vaddr=40080000 size=027bch ( 10172) load[0m
[0;32mI (131) esp_image: segment 3: paddr=00020020 vaddr=400d0020 size=1a6e4h (108260) map[0m
[0;32mI (174) esp_image: segment 4: paddr=0003a70c vaddr=400827bc size=0b228h ( 45608) load[0m
[0;32mI (200) boot: Loaded app from partition at offset 0x10000[0m
[0;32mI (200) boot: Disabling RNG early entropy source...[0m
[0;32mI (212) cpu_start: Multicore app[0m
[0;32mI (212) cpu_start: Pro cpu up.[0m
[0;32mI (212) cpu_start: Starting app cpu, entry point is 0x400811bc[0m
[0;32mI (200) cpu_start: App cpu up.[0m
[0;32mI (230) cpu_start: Pro cpu start user code[0m
[0;32mI (230) cpu_start: cpu freq: 240000000 Hz[0m
[0;32mI (230) cpu_start: Application information:[0m
[0;32mI (235) cpu_start: Project name:     GPIO_Test[0m
[0;32mI (240) cpu_start: App version:      87e23ce[0m
[0;32mI (245) cpu_start: Compile time:     Feb 14 2024 10:51:29[0m
[0;32mI (251) cpu_start: ELF file SHA256:  3776985ae4eeda4e...[0m
[0;32mI (257) cpu_start: ESP-IDF:          v5.1.2[0m
[0;32mI (262) cpu_start: Min chip rev:     v0.0[0m
[0;32mI (267) cpu_start: Max chip rev:     v3.99 [0m
[0;32mI (272) cpu_start: Chip rev:         v3.0[0m
[0;32mI (277) heap_init: Initializing. RAM available for dynamic allocation:[0m
[0;32mI (284) heap_init: At 3FFAE6E0 len 00001920 (6 KiB): DRAM[0m
[0;32mI (290) heap_init: At 3FFB2B28 len 0002D4D8 (181 KiB): DRAM[0m
[0;32mI (296) heap_init: At 3FFE0440 len 00003AE0 (14 KiB): D/IRAM[0m
[0;32mI (302) heap_init: At 3FFE4350 len 0001BCB0 (111 KiB): D/IRAM[0m
[0;32mI (309) heap_init: At 4008D9E4 len 0001261C (73 KiB): IRAM[0m
[0;32mI (316) spi_flash: detected chip: generic[0m
[0;32mI (320) spi_flash: flash io: dio[0m
[0;32mI (324) app_start: Starting scheduler on CPU0[0m
[0;32mI (329) app_start: Starting scheduler on CPU1[0m
[0;32mI (329) main_task: Started on CPU0[0m
[0;32mI (339) main_task: Calling app_main()[0m
[0;32mI (339) gpio: GPIO[16]| InputEn: 0| OutputEn: 1| OpenDrain: 0| Pullup: 0| Pulldown: 0| Intr:0 [0m
[0;32mI (349) gpio: GPIO[17]| InputEn: 1| OutputEn: 0| OpenDrain: 0| Pullup: 1| Pulldown: 0| Intr:1 [0m
Master input:
Guru Meditation Error: Core  0 panic'ed (LoadProhibited). Exception was unhandled.

Core  0 register dump:
PC      : 0x400dc9c4  PS      : 0x00060330  A0      : 0x800dc40c  A1      : 0x3ffb4860  
A2      : 0x00000000  A3      : 0x000000bc  A4      : 0x00000000  A5      : 0x3ffb4a54  
A6      : 0x3ffb4c00  A7      : 0x00000000  A8      : 0x3ffb4a54  A9      : 0x3ffb4850  
A10     : 0x3ffb4870  A11     : 0x3f40b351  A12     : 0x000000ff  A13     : 0x0000ff00  
A14     : 0x00ff0000  A15     : 0xff000000  SAR     : 0x0000001c  EXCCAUSE: 0x0000001c  
EXCVADDR: 0x000000bc  LBEG    : 0x400014fd  LEND    : 0x4000150d  LCOUNT  : 0xffffffff  


Backtrace: 0x400dc9c1:0x3ffb4860 0x400dc409:0x3ffb4b80 0x400d5a06:0x3ffb4c40 0x400e9f54:0x3ffb4e20 0x40088b25:0x3ffb4e50




ELF file SHA256: 3776985ae4eeda4e

Rebooting...
ets Jul 29 2019 12:21:46

rst:0xc (SW_CPU_RESET),boot:0x13 (SPI_FAST_FLASH_BOOT)
configsip: 0, SPIWP:0xee
clk_drv:0x00,q_drv:0x00,d_drv:0x00,cs0_drv:0x00,hd_drv:0x00,wp_drv:0x00
mode:DIO, clock div:2
load:0x3fff0030,len:7080
load:0x40078000,len:15584
load:0x40080400,len:4
ho 8 tail 4 room 4
load:0x40080404,len:3876
entry 0x4008064c
[0;32mI (31) boot: ESP-IDF v5.1.2 2nd stage bootloader[0m
[0;32mI (31) boot: compile time Feb 14 2024 10:51:47[0m
[0;32mI (31) boot: Multicore bootloader[0m
[0;32mI (35) boot: chip revision: v3.0[0m
[0;32mI (39) boot.esp32: SPI Speed      : 40MHz[0m
[0;32mI (44) boot.esp32: SPI Mode       : DIO[0m
[0;32mI (48) boot.esp32: SPI Flash Size : 4MB[0m
[0;32mI (53) boot: Enabling RNG early entropy source...[0m
[0;32mI (58) boot: Partition Table:[0m
[0;32mI (62) boot: ## Label            Usage          Type ST Offset   Length[0m
[0;32mI (69) boot:  0 nvs              WiFi data        01 02 00009000 00006000[0m
[0;32mI (76) boot:  1 phy_init         RF data          01 01 0000f000 00001000[0m
[0;32mI (84) boot:  2 factory          factory app      00 00 00010000 00100000[0m
[0;32mI (91) boot: End of partition table[0m
[0;32mI (96) esp_image: segment 0: paddr=00010020 vaddr=3f400020 size=0b5b0h ( 46512) map[0m
[0;32mI (121) esp_image: segment 1: paddr=0001b5d8 vaddr=3ffb0000 size=0227ch (  8828) load[0m
[0;32mI (125) esp_image: segment 2: paddr=0001d85c vaddr=40080000 size=027bch ( 10172) load[0m
[0;32mI (131) esp_image: segment 3: paddr=00020020 vaddr=400d0020 size=1a6e4h (108260) map[0m
[0;32mI (174) esp_image: segment 4: paddr=0003a70c vaddr=400827bc size=0b228h ( 45608) load[0m
[0;32mI (200) boot: Loaded app from partition at offset 0x10000[0m
[0;32mI (200) boot: Disabling RNG early entropy source...[0m
[0;32mI (212) cpu_start: Multicore app[0m
[0;32mI (212) cpu_start: Pro cpu up.[0m
[0;32mI (212) cpu_start: Starting app cpu, entry point is 0x400811bc[0m
[0;32mI (200) cpu_start: App cpu up.[0m
[0;32mI (230) cpu_start: Pro cpu start user code[0m
[0;32mI (230) cpu_start: cpu freq: 240000000 Hz[0m
[0;32mI (230) cpu_start: Application information:[0m
[0;32mI (235) cpu_start: Project name:     GPIO_Test[0m
[0;32mI (240) cpu_start: App version:      87e23ce[0m
[0;32mI (245) cpu_start: Compile time:     Feb 14 2024 10:51:29[0m
