ets Jul 29 2019 12:21:46

rst:0x1 (POWERON_RESET),boot:0x13 (SPI_FAST_FLASH_BOOT)
configsip: 0, SPIWP:0xee
clk_drv:0x00,q_drv:0x00,d_drv:0x00,cs0_drv:0x00,hd_drv:0x00,wp_drv:0x00
mode:DIO, clock div:2
load:0x3fff0030,len:7080
load:0x40078000,len:15584
load:0x40080400,len:4
ho 8 tail 4 room 4
load:0x40080404,len:3876
entry 0x4008064c
[0;32mI (31) boot: ESP-IDF v5.1.2 2nd stage bootloader[0m
[0;32mI (31) boot: compile time Feb 14 2024 10:51:47[0m
[0;32mI (31) boot: Multicore bootloader[0m
[0;32mI (35) boot: chip revision: v3.0[0m
[0;32mI (39) boot.esp32: SPI Speed      : 40MHz[0m
[0;32mI (44) boot.esp32: SPI Mode       : DIO[0m
[0;32mI (48) boot.esp32: SPI Flash Size : 4MB[0m
[0;32mI (53) boot: Enabling RNG early entropy source...[0m
[0;32mI (58) boot: Partition Table:[0m
[0;32mI (62) boot: ## Label            Usage          Type ST Offset   Length[0m
[0;32mI (69) boot:  0 nvs              WiFi data        01 02 00009000 00006000[0m
[0;32mI (77) boot:  1 phy_init         RF data          01 01 0000f000 00001000[0m
[0;32mI (84) boot:  2 factory          factory app      00 00 00010000 00100000[0m
[0;32mI (92) boot: End of partition table[0m
[0;32mI (96) esp_image: segment 0: paddr=00010020 vaddr=3f400020 size=0b368h ( 45928) map[0m
[0;32mI (121) esp_image: segment 1: paddr=0001b390 vaddr=3ffb0000 size=0227ch (  8828) load[0m
[0;32mI (125) esp_image: segment 2: paddr=0001d614 vaddr=40080000 size=02a04h ( 10756) load[0m
[0;32mI (131) esp_image: segment 3: paddr=00020020 vaddr=400d0020 size=170ech ( 94444) map[0m
[0;32mI (169) esp_image: segment 4: paddr=00037114 vaddr=40082a04 size=0afe0h ( 45024) load[0m
[0;32mI (195) boot: Loaded app from partition at offset 0x10000[0m
[0;32mI (195) boot: Disabling RNG early entropy source...[0m
[0;32mI (207) cpu_start: Multicore app[0m
[0;32mI (207) cpu_start: Pro cpu up.[0m
[0;32mI (207) cpu_start: Starting app cpu, entry point is 0x400811bc[0m
[0;32mI (0) cpu_start: App cpu up.[0m
[0;32mI (225) cpu_start: Pro cpu start user code[0m
[0;32mI (225) cpu_start: cpu freq: 240000000 Hz[0m
[0;32mI (225) cpu_start: Application information:[0m
[0;32mI (230) cpu_start: Project name:     GPIO_Test[0m
[0;32mI (235) cpu_start: App version:      87e23ce[0m
[0;32mI (240) cpu_start: Compile time:     Feb 14 2024 10:51:29[0m
[0;32mI (246) cpu_start: ELF file SHA256:  657db703a12cbc23...[0m
[0;32mI (252) cpu_start: ESP-IDF:          v5.1.2[0m
[0;32mI (257) cpu_start: Min chip rev:     v0.0[0m
[0;32mI (261) cpu_start: Max chip rev:     v3.99 [0m
[0;32mI (266) cpu_start: Chip rev:         v3.0[0m
[0;32mI (271) heap_init: Initializing. RAM available for dynamic allocation:[0m
[0;32mI (278) heap_init: At 3FFAE6E0 len 00001920 (6 KiB): DRAM[0m
[0;32mI (284) heap_init: At 3FFB2B28 len 0002D4D8 (181 KiB): DRAM[0m
[0;32mI (290) heap_init: At 3FFE0440 len 00003AE0 (14 KiB): D/IRAM[0m
[0;32mI (297) heap_init: At 3FFE4350 len 0001BCB0 (111 KiB): D/IRAM[0m
[0;32mI (303) heap_init: At 4008D9E4 len 0001261C (73 KiB): IRAM[0m
[0;32mI (311) spi_flash: detected chip: generic[0m
[0;32mI (314) spi_flash: flash io: dio[0m
[0;32mI (319) app_start: Starting scheduler on CPU0[0m
[0;32mI (323) app_start: Starting scheduler on CPU1[0m
[0;32mI (323) main_task: Started on CPU0[0m
[0;32mI (333) main_task: Calling app_main()[0m
[0;32mI (333) gpio: GPIO[16]| InputEn: 0| OutputEn: 1| OpenDrain: 0| Pullup: 0| Pulldown: 0| Intr:0 [0m
[0;32mI (343) gpio: GPIO[17]| InputEn: 1| OutputEn: 0| OpenDrain: 0| Pullup: 1| Pulldown: 0| Intr:1 [0m
Master input:
Received: 1073433932
Received: 1073433932
Received: 1073433932
Received: 1073433932
Received: 1073433932
Received: 1073433932
Received: 1073433932
Received: 1073433932
Received: 1073433932
Received: 1073433932
Received: 1073433932
Received: 1073433932
