Intr:1 [ï¿½ets Jul 29 2019 12:21:46

rst:0x1 (POWERON_RESET),boot:0x13 (SPI_FAST_FLASH_BOOT)
configsip: 0, SPIWP:0xee
clk_drv:0x00,q_drv:0x00,d_drv:0x00,cs0_drv:0x00,hd_drv:0x00,wp_drv:0x00
mode:DIO, clock div:2
load:0x3fff0030,len:7080
load:0x40078000,len:15584
load:0x40080400,len:4
ho 8 tail 4 room 4
load:0x40080404,len:3876
entry 0x4008064c
[0;32mI (31) boot: ESP-IDF v5.1.2 2nd stage bootloader[0m
[0;32mI (31) boot: compile time Feb 14 2024 10:51:47[0m
[0;32mI (31) boot: Multicore bootloader[0m
[0;32mI (35) boot: chip revision: v3.0[0m
[0;32mI (39) boot.esp32: SPI Speed      : 40MHz[0m
[0;32mI (44) boot.esp32: SPI Mode       : DIO[0m
[0;32mI (48) boot.esp32: SPI Flash Size : 4MB[0m
[0;32mI (53) boot: Enabling RNG early entropy source...[0m
[0;32mI (58) boot: Partition Table:[0m
[0;32mI (62) boot: ## Label            Usage          Type ST Offset   Length[0m
[0;32mI (69) boot:  0 nvs              WiFi data        01 02 00009000 00006000[0m
[0;32mI (77) boot:  1 phy_init         RF data          01 01 0000f000 00001000[0m
[0;32mI (84) boot:  2 factory          factory app      00 00 00010000 00100000[0m
[0;32mI (92) boot: End of partition table[0m
[0;32mI (96) esp_image: segment 0: paddr=00010020 vaddr=3f400020 size=0b430h ( 46128) map[0m
[0;32mI (121) esp_image: segment 1: paddr=0001b458 vaddr=3ffb0000 size=02288h (  8840) load[0m
[0;32mI (125) esp_image: segment 2: paddr=0001d6e8 vaddr=40080000 size=02930h ( 10544) load[0m
[0;32mI (131) esp_image: segment 3: paddr=00020020 vaddr=400d0020 size=16f3ch ( 94012) map[0m
[0;32mI (169) esp_image: segment 4: paddr=00036f64 vaddr=40082930 size=0b64ch ( 46668) load[0m
[0;32mI (196) boot: Loaded app from partition at offset 0x10000[0m
[0;32mI (196) boot: Disabling RNG early entropy source...[0m
[0;32mI (207) cpu_start: Multicore app[0m
[0;32mI (208) cpu_start: Pro cpu up.[0m
[0;32mI (208) cpu_start: Starting app cpu, entry point is 0x40081220[0m
[0;32mI (0) cpu_start: App cpu up.[0m
[0;32mI (226) cpu_start: Pro cpu start user code[0m
[0;32mI (226) cpu_start: cpu freq: 240000000 Hz[0m
[0;32mI (226) cpu_start: Application information:[0m
[0;32mI (230) cpu_start: Project name:     GPIO_Test[0m
[0;32mI (236) cpu_start: App version:      87e23ce[0m
[0;32mI (240) cpu_start: Compile time:     Feb 14 2024 10:51:29[0m
[0;32mI (247) cpu_start: ELF file SHA256:  feb0390ce9e813c9...[0m
[0;32mI (253) cpu_start: ESP-IDF:          v5.1.2[0m
[0;32mI (257) cpu_start: Min chip rev:     v0.0[0m
[0;32mI (262) cpu_start: Max chip rev:     v3.99 [0m
[0;32mI (267) cpu_start: Chip rev:         v3.0[0m
[0;32mI (272) heap_init: Initializing. RAM available for dynamic allocation:[0m
[0;32mI (279) heap_init: At 3FFAE6E0 len 00001920 (6 KiB): DRAM[0m
[0;32mI (285) heap_init: At 3FFB2B30 len 0002D4D0 (181 KiB): DRAM[0m
[0;32mI (291) heap_init: At 3FFE0440 len 00003AE0 (14 KiB): D/IRAM[0m
[0;32mI (298) heap_init: At 3FFE4350 len 0001BCB0 (111 KiB): D/IRAM[0m
[0;32mI (304) heap_init: At 4008DF7C len 00012084 (72 KiB): IRAM[0m
[0;32mI (312) spi_flash: detected chip: generic[0m
[0;32mI (315) spi_flash: flash io: dio[0m
[0;32mI (319) app_start: Starting scheduler on CPU0[0m
[0;32mI (324) app_start: Starting scheduler on CPU1[0m
[0;32mI (324) main_task: Started on CPU0[0m
[0;32mI (334) main_task: Calling app_main()[0m
[0;32mI (334) gpio: GPIO[16]| InputEn: 0| OutputEn: 1| OpenDrain: 0| Pullup: 0| Pulldown: 0| Intr:0 [0m
[0;32mI (344) gpio: GPIO[17]| InputEn: 1| OutputEn: 0| OpenDrain: 0| Pullup: 1| Pulldown: 0| Intr:1 [0m
Master input:
Received1: 35
Received2: 156
Received1: 35
Received2: 204
Received1: 35
Received2: 164
Received1: 35
Received2: 164
Received1: 35
Received2: 156
Received1: 35
Received2: 192
Received1: 39
Received2: 140
Received1: 35
Received2: 196
Received1: 34
Received2: 228
Received1: 35
Received2: 28
Received1: 35
Received2: 180
Received1: 78
Received2: 172
Received1: 16
Received2: 80
Received1: 25
Received2: 248
Received1: 63
Received2: 68
Received1: 33
Received2: 4
Received1: 33
Received2: 76
Received1: 33
Received2: 20
Received1: 33
Received2: 44
Received1: 33
Received2: 124
Received1: 69
Received2: 36
Received1: 36
Received2: 92
Received1: 35
Received2: 236
Received1: 35
Received2: 196
Received1: 243
Received2: 236
Received1: 38
Received2: 208
Received1: 30
Received2: 48
Received1: 33
Received2: 128
Received1: 45
Received2: 208
Received1: 36
Received2: 20
Received1: 21
Received2: 28
Received1: 58
Received2: 44
Received1: 9
Received2: 200
Received1: 70
Received2: 200
Received1: 2
Received2: 108
Received1: 50
Received2: 20
Received1: 52
Received2: 180
Received1: 5
Received2: 88
Received1: 30
Received2: 128
Received1: 36
Received2: 124
Received1: 32
Received2: 28
Received1: 36
Received2: 252
Received1: 38
Received2: 96
Received1: 31
Received2: 184
Received1: 35
Received2: 76
Received1: 40
Received2: 204
Received1: 31
Received2: 164
Received1: 38
Received2: 212
Received1: 9
Received2: 120
Received1: 74
Received2: 164
Received1: 226
Received2: 240
Received1: 46
Received2: 44
Received1: 33
Received2: 60
Received1: 35
Received2: 172
Received1: 35
Received2: 200
Received1: 35
Received2: 220
Received1: 35
Received2: 248
Received1: 35
Received2: 204
Received1: 35
Received2: 216
Received1: 35
Received2: 200
Received1: 35
Received2: 156
Received1: 35
Received2: 224
Received1: 35
Received2: 132
Received1: 35
Received2: 76
Received1: 35
Received2: 168
Received1: 35
Received2: 148
Received1: 35
Received2: 136
Received1: 35
Received2: 200
Received1: 36
Received2: 0
Received1: 35
Received2: 240
Received1: 35
Received2: 216
Received1: 35
Received2: 192
Received1: 35
Received2: 196
Received1: 35
Received2: 244
Received1: 35
Received2: 228
Received1: 35
Received2: 216
Received1: 35
Received2: 160
Received1: 35
Received2: 148
Received1: 35
Received2: 144
Received1: 36
Received2: 12
Received1: 35
Received2: 216
Received1: 35
Received2: 212
Received1: 35
Received2: 176
Received1: 35
Received2: 112
Received1: 35
Received2: 248
Received1: 35
Received2: 232
Received1: 35
Received2: 152
Received1: 35
Received2: 232
Received1: 35
Received2: 240
Received1: 35
Received2: 196
Received1: 35
Received2: 180
Received1: 35
Received2: 196
Received1: 35
Received2: 196
Received1: 35
Received2: 196
Received1: 35
Received2: 200
Received1: 35
Received2: 192
Received1: 35
Received2: 204
Received1: 35
Received2: 212
Received1: 35
Received2: 240
Received1: 35
Received2: 188
Received1: 35
Received2: 108
Received1: 35
Received2: 160
Received1: 35
Received2: 216
